// Jest Snapshot v1, https://goo.gl/fbAQLP

exports[`components/Home should render correctly 1`] = `
.c0 {
  display: -webkit-box;
  display: -webkit-flex;
  display: -ms-flexbox;
  display: flex;
  -webkit-flex-direction: column;
  -ms-flex-direction: column;
  flex-direction: column;
  -webkit-flex: 1;
  -ms-flex: 1;
  flex: 1;
  margin: 0;
  color: white;
}

<div>
  <div
    class="c0"
  >
    <h1>
      Home page
    </h1>
    <h2>
      User Infos
    </h2>
    <p>
      {"id":0,"email":"foo@test.com","name":"foobar"}
    </p>
  </div>
</div>
`;
