// Jest Snapshot v1, https://goo.gl/fbAQLP

exports[`components/Landing should render correctly 1`] = `
.c0 {
  display: -webkit-box;
  display: -webkit-flex;
  display: -ms-flexbox;
  display: flex;
  -webkit-flex-direction: column;
  -ms-flex-direction: column;
  flex-direction: column;
  -webkit-flex: 1;
  -ms-flex: 1;
  flex: 1;
  margin: 0;
  color: white;
}

.c1 {
  width: auto;
  height: 100px;
}

<div>
  <div
    class="c0"
  >
    <img
      alt="logo"
      class="c1"
      src="https://x-squad.com/images/logo.png"
    />
    <a
      href="/signin"
    >
      Register with my email
    </a>
  </div>
</div>
`;
