// Jest Snapshot v1, https://goo.gl/fbAQLP

exports[`components/SignIn should render correctly 1`] = `
.c0 {
  display: -webkit-box;
  display: -webkit-flex;
  display: -ms-flexbox;
  display: flex;
  -webkit-flex-direction: column;
  -ms-flex-direction: column;
  flex-direction: column;
  -webkit-flex: 1;
  -ms-flex: 1;
  flex: 1;
  margin: 0;
  color: white;
}

.c1 {
  display: -webkit-box;
  display: -webkit-flex;
  display: -ms-flexbox;
  display: flex;
  -webkit-flex-direction: column;
  -ms-flex-direction: column;
  flex-direction: column;
}

.c2 {
  font-weight: bold;
  color: red;
}

<div>
  <div
    class="c0"
  >
    <form
      class="c1"
    >
      <label
        for="email"
      >
        Email
      </label>
      <input
        data-testid="input.email"
        id="email"
        name="email"
        type="text"
        value=""
      />
      <label
        for="name"
      >
        Name
      </label>
      <input
        data-testid="input.name"
        id="name"
        name="name"
        type="text"
        value=""
      />
      <button
        data-testid="signin.form.submit"
        type="submit"
      >
        Create my account
      </button>
      <p
        class="c2"
      />
    </form>
  </div>
</div>
`;
